../Core/Src/main.c:79:6:i2c_write	32	static
../Core/Src/main.c:87:9:i2c_read	40	static
../Core/Src/main.c:97:6:Init_6050	8	static
../Core/Src/main.c:113:6:send_char	16	static
../Core/Src/main.c:118:6:send_string	16	static
../Core/Src/main.c:128:5:main	48	static
../Core/Src/main.c:185:6:SystemClock_Config	72	static
../Core/Src/main.c:222:13:MX_I2C1_Init	8	static
../Core/Src/main.c:256:13:MX_USART1_UART_Init	8	static
../Core/Src/main.c:289:13:MX_GPIO_Init	16	static
../Core/Src/main.c:312:6:Error_Handler	4	static,ignoring_inline_asm
